Zarr-based strategies will not be registered because of missing packages
{'language_model': {'embedding': {'word_embeddings': OrderedDict([('weight', tensor([[ 1.2517e-06, -1.7881e-06, -4.3511e-06,  ...,  8.9407e-07,
         -6.5565e-06,  8.9407e-07],
        [ 1.4648e-03, -2.9449e-03,  7.4768e-04,  ..., -8.3618e-03,
          2.9297e-03, -3.9368e-03],
        [ 1.0986e-02,  9.8877e-03, -5.0964e-03,  ...,  2.5177e-03,
          7.7057e-04, -5.0049e-03],
        ...,
        [-1.3977e-02, -2.7313e-03, -1.9897e-02,  ..., -1.0437e-02,
          9.5825e-03, -1.8005e-03],
        [-1.0742e-02,  9.3384e-03,  1.2939e-02,  ..., -3.3203e-02,
         -1.6357e-02,  3.3875e-03],
        [-8.3008e-03, -4.0588e-03, -1.1063e-03,  ...,  3.4790e-03,
         -1.2939e-02,  3.1948e-05]], dtype=torch.bfloat16))])}, 'encoder': OrderedDict([('layers.0.input_layernorm.weight', tensor([0.0299, 0.0136, 0.0022,  ..., 0.0103, 0.0110, 0.0062],
       dtype=torch.bfloat16)), ('layers.0.self_attention.query_key_value.weight', tensor([[-0.0059, -0.0146, -0.0022,  ...,  0.0046,  0.0018, -0.0036],
        [ 0.0139, -0.0044,  0.0027,  ..., -0.0095, -0.0116,  0.0076],
        [-0.0145,  0.0125,  0.0006,  ...,  0.0064,  0.0190, -0.0034],
        ...,
        [-0.0065, -0.0056,  0.0102,  ...,  0.0029,  0.0038, -0.0022],
        [ 0.0029,  0.0050, -0.0011,  ...,  0.0052,  0.0156,  0.0007],
        [ 0.0003,  0.0026,  0.0055,  ..., -0.0006, -0.0005,  0.0014]],
       dtype=torch.bfloat16)), ('layers.0.self_attention.dense.weight', tensor([[-0.0001, -0.0021,  0.0051,  ...,  0.0063,  0.0034, -0.0096],
        [ 0.0029,  0.0018, -0.0014,  ..., -0.0010,  0.0018,  0.0062],
        [ 0.0021, -0.0005,  0.0008,  ..., -0.0017, -0.0061, -0.0007],
        ...,
        [ 0.0041, -0.0032,  0.0056,  ...,  0.0012,  0.0025,  0.0044],
        [-0.0033, -0.0027, -0.0028,  ...,  0.0062, -0.0038, -0.0006],
        [ 0.0064, -0.0008,  0.0027,  ...,  0.0058, -0.0074, -0.0068]],
       dtype=torch.bfloat16)), ('layers.0.post_attention_layernorm.weight', tensor([0.0503, 0.0530, 0.0505,  ..., 0.0530, 0.0537, 0.0496],
       dtype=torch.bfloat16)), ('layers.0.mlp.dense_h_to_4h.weight', tensor([[ 0.0154,  0.0168,  0.0312,  ..., -0.0159,  0.0067,  0.0156],
        [-0.0022, -0.0060,  0.0057,  ...,  0.0159, -0.0087,  0.0101],
        [ 0.0068, -0.0216,  0.0205,  ..., -0.0128,  0.0192,  0.0195],
        ...,
        [-0.0090, -0.0017, -0.0066,  ...,  0.0292, -0.0028,  0.0182],
        [-0.0162,  0.0073,  0.0189,  ...,  0.0012, -0.0168,  0.0033],
        [ 0.0192,  0.0199, -0.0008,  ...,  0.0116, -0.0143, -0.0383]],
       dtype=torch.bfloat16)), ('layers.0.mlp.dense_4h_to_h.weight', tensor([[ 0.0030, -0.0146,  0.0084,  ..., -0.0175, -0.0053,  0.0015],
        [ 0.0047, -0.0043,  0.0092,  ...,  0.0160, -0.0139,  0.0334],
        [ 0.0020,  0.0339, -0.0043,  ..., -0.0146,  0.0219,  0.0166],
        ...,
        [-0.0085, -0.0115,  0.0051,  ...,  0.0232, -0.0136,  0.0295],
        [-0.0172,  0.0376,  0.0089,  ..., -0.0071, -0.0119, -0.0220],
        [ 0.0120, -0.0014, -0.0079,  ..., -0.0005, -0.0026, -0.0304]],
       dtype=torch.bfloat16)), ('layers.1.input_layernorm.weight', tensor([0.1133, 0.1104, 0.1006,  ..., 0.0630, 0.0942, 0.0747],
       dtype=torch.bfloat16)), ('layers.1.self_attention.query_key_value.weight', tensor([[-0.0126,  0.0074, -0.0381,  ..., -0.0021, -0.0588,  0.0356],
        [-0.0007, -0.0084,  0.0079,  ..., -0.0082, -0.0486,  0.0280],
        [ 0.0306,  0.0325,  0.0204,  ...,  0.0002, -0.0747,  0.0231],
        ...,
        [-0.0050,  0.0029,  0.0049,  ..., -0.0018, -0.0011,  0.0014],
        [-0.0066, -0.0055,  0.0092,  ..., -0.0081,  0.0032, -0.0008],
        [-0.0009,  0.0018,  0.0039,  ...,  0.0017, -0.0061,  0.0086]],
       dtype=torch.bfloat16)), ('layers.1.self_attention.dense.weight', tensor([[ 0.0045, -0.0198,  0.0146,  ..., -0.0051, -0.0004,  0.0003],
        [-0.0029, -0.0055, -0.0133,  ..., -0.0009, -0.0025,  0.0034],
        [ 0.0227,  0.0125, -0.0121,  ...,  0.0049,  0.0019, -0.0020],
        ...,
        [ 0.0037,  0.0069,  0.0053,  ...,  0.0005,  0.0019, -0.0021],
        [ 0.0020, -0.0126,  0.0054,  ..., -0.0020,  0.0017,  0.0022],
        [-0.0043, -0.0209,  0.0057,  ...,  0.0013, -0.0045,  0.0017]],
       dtype=torch.bfloat16)), ('layers.1.post_attention_layernorm.weight', tensor([0.0996, 0.1006, 0.0962,  ..., 0.1074, 0.0996, 0.1016],
       dtype=torch.bfloat16)), ('layers.1.mlp.dense_h_to_4h.weight', tensor([[ 0.0289, -0.0096,  0.0376,  ..., -0.0334, -0.0188, -0.0115],
        [-0.0280, -0.0017, -0.0311,  ...,  0.0143, -0.0216, -0.0408],
        [-0.0061, -0.0288,  0.0032,  ..., -0.0092, -0.0147, -0.0206],
        ...,
        [-0.0135, -0.0271,  0.0134,  ...,  0.0256,  0.0111, -0.0248],
        [ 0.0349,  0.0017, -0.0170,  ...,  0.0044, -0.0074, -0.0014],
        [-0.0159, -0.0181, -0.0095,  ..., -0.0232, -0.0077,  0.0220]],
       dtype=torch.bfloat16)), ('layers.1.mlp.dense_4h_to_h.weight', tensor([[ 0.0080,  0.0098,  0.0557,  ..., -0.0166,  0.0025, -0.0193],
        [ 0.0106,  0.0063, -0.0356,  ...,  0.0089, -0.0132,  0.0027],
        [-0.0173, -0.0146, -0.0232,  ..., -0.0012, -0.0106,  0.0035],
        ...,
        [-0.0103, -0.0067, -0.0162,  ...,  0.0430, -0.0067,  0.0074],
        [-0.0128,  0.0212,  0.0148,  ..., -0.0299, -0.0193,  0.0232],
        [ 0.0243, -0.0038, -0.0167,  ..., -0.0131, -0.0142,  0.0297]],
       dtype=torch.bfloat16)), ('layers.2.input_layernorm.weight', tensor([0.1738, 0.1777, 0.1738,  ..., 0.1768, 0.1709, 0.1748],
       dtype=torch.bfloat16)), ('layers.2.self_attention.query_key_value.weight', tensor([[-0.0232, -0.0089,  0.0078,  ..., -0.0100, -0.0184, -0.0074],
        [-0.0146,  0.0109, -0.0374,  ..., -0.0364, -0.0176,  0.0273],
        [-0.0141,  0.0330, -0.0256,  ..., -0.0056, -0.0201,  0.0206],
        ...,
        [ 0.0004, -0.0308, -0.0189,  ..., -0.0133, -0.0018,  0.0011],
        [-0.0366, -0.0007,  0.0177,  ..., -0.0077, -0.0104, -0.0063],
        [-0.0121,  0.0164,  0.0016,  ..., -0.0051,  0.0160, -0.0076]],
       dtype=torch.bfloat16)), ('layers.2.self_attention.dense.weight', tensor([[-0.0020,  0.0154,  0.0092,  ...,  0.0181,  0.0033, -0.0282],
        [-0.0014, -0.0186,  0.0058,  ...,  0.0045, -0.0118, -0.0209],
        [-0.0203,  0.0033, -0.0146,  ..., -0.0187, -0.0088,  0.0095],
        ...,
        [-0.0067, -0.0275,  0.0308,  ..., -0.0041, -0.0215,  0.0206],
        [ 0.0209, -0.0159,  0.0359,  ...,  0.0170,  0.0023, -0.0223],
        [-0.0119,  0.0017,  0.0098,  ..., -0.0085,  0.0111, -0.0146]],
       dtype=torch.bfloat16)), ('layers.2.post_attention_layernorm.weight', tensor([0.1338, 0.1367, 0.1357,  ..., 0.1357, 0.1387, 0.1357],
       dtype=torch.bfloat16)), ('layers.2.mlp.dense_h_to_4h.weight', tensor([[ 0.0085,  0.0239, -0.0129,  ..., -0.0087,  0.0275,  0.0020],
        [-0.0003,  0.0027, -0.0043,  ...,  0.0104, -0.0149, -0.0077],
        [ 0.0018, -0.0092,  0.0265,  ..., -0.0123,  0.0182,  0.0070],
        ...,
        [-0.0089, -0.0153,  0.0018,  ..., -0.0161, -0.0078,  0.0212],
        [ 0.0146, -0.0040,  0.0129,  ..., -0.0022,  0.0061, -0.0261],
        [-0.0148, -0.0287, -0.0232,  ..., -0.0060,  0.0011, -0.0071]],
       dtype=torch.bfloat16)), ('layers.2.mlp.dense_4h_to_h.weight', tensor([[ 9.7656e-03,  1.5259e-02,  3.2959e-02,  ..., -2.1973e-02,
         -2.6703e-03, -3.1494e-02],
        [ 2.0142e-02, -2.1851e-02, -1.3977e-02,  ...,  1.2817e-02,
          3.1738e-03, -2.4048e-02],
        [ 3.9062e-02, -1.8555e-02, -3.4332e-03,  ..., -2.8687e-02,
          1.7929e-03, -3.4180e-02],
        ...,
        [-1.1841e-02,  2.8442e-02, -8.5449e-03,  ...,  1.1444e-05,
         -3.5553e-03, -1.3000e-02],
        [-2.1606e-02,  3.4668e-02,  9.7656e-03,  ...,  1.0742e-02,
         -1.4221e-02, -9.9487e-03],
        [ 3.5156e-02,  9.2773e-03, -2.2461e-02,  ...,  2.7954e-02,
         -4.1992e-02, -7.2021e-03]], dtype=torch.bfloat16)), ('layers.3.input_layernorm.weight', tensor([0.2832, 0.2832, 0.2812,  ..., 0.2793, 0.2891, 0.2910],
       dtype=torch.bfloat16)), ('layers.3.self_attention.query_key_value.weight', tensor([[ 7.1411e-03,  1.2268e-02,  7.5912e-04,  ...,  2.8564e-02,
          1.4954e-02,  2.1729e-02],
        [-1.1292e-02,  1.7090e-02, -1.9531e-02,  ..., -4.4189e-02,
          7.3242e-04, -5.8899e-03],
        [ 1.5564e-02,  5.9814e-03, -2.0020e-02,  ...,  1.0620e-02,
         -1.9775e-02, -3.4424e-02],
        ...,
        [-7.4463e-03, -9.9487e-03,  2.8839e-03,  ...,  1.9989e-03,
         -2.2583e-03, -7.4158e-03],
        [ 3.4637e-03, -9.7752e-05,  6.8054e-03,  ...,  3.3722e-03,
         -6.5308e-03,  2.6703e-03],
        [-9.0942e-03, -6.5002e-03,  1.0498e-02,  ..., -3.1090e-04,
          1.6479e-03,  1.0376e-02]], dtype=torch.bfloat16)), ('layers.3.self_attention.dense.weight', tensor([[-0.0272,  0.0071, -0.0171,  ...,  0.0052,  0.0070, -0.0033],
        [ 0.0270, -0.0283, -0.0082,  ...,  0.0079, -0.0031,  0.0006],
        [-0.0009, -0.0110, -0.0011,  ...,  0.0004,  0.0026,  0.0058],
        ...,
        [ 0.0075,  0.0146,  0.0131,  ...,  0.0013,  0.0031,  0.0109],
        [ 0.0203,  0.0242, -0.0036,  ...,  0.0005, -0.0018, -0.0016],
        [ 0.0090, -0.0033,  0.0058,  ...,  0.0042,  0.0030,  0.0087]],
       dtype=torch.bfloat16)), ('layers.3.post_attention_layernorm.weight', tensor([0.1748, 0.1748, 0.1699,  ..., 0.1738, 0.1709, 0.1748],
       dtype=torch.bfloat16)), ('layers.3.mlp.dense_h_to_4h.weight', tensor([[-0.0042, -0.0126, -0.0177,  ..., -0.0288,  0.0439,  0.0130],
        [ 0.0160,  0.0004, -0.0112,  ..., -0.0067, -0.0239, -0.0110],
        [-0.0276,  0.0013, -0.0128,  ...,  0.0081, -0.0048, -0.0344],
        ...,
        [-0.0071, -0.0051, -0.0024,  ...,  0.0236,  0.0113, -0.0242],
        [ 0.0038, -0.0105, -0.0085,  ...,  0.0119, -0.0201, -0.0093],
        [ 0.0420,  0.0006, -0.0014,  ...,  0.0454,  0.0069,  0.0020]],
       dtype=torch.bfloat16)), ('layers.3.mlp.dense_4h_to_h.weight', tensor([[-0.0008, -0.0065,  0.0055,  ..., -0.0079,  0.0056,  0.0176],
        [ 0.0261,  0.0061,  0.0148,  ..., -0.0162, -0.0164, -0.0110],
        [ 0.0131,  0.0129, -0.0173,  ..., -0.0137, -0.0078,  0.0056],
        ...,
        [ 0.0212, -0.0089, -0.0146,  ...,  0.0008,  0.0156,  0.0172],
        [-0.0214,  0.0132, -0.0160,  ..., -0.0016, -0.0164,  0.0134],
        [ 0.0080, -0.0157, -0.0260,  ..., -0.0021,  0.0085,  0.0085]],
       dtype=torch.bfloat16)), ('layers.4.input_layernorm.weight', tensor([0.2617, 0.2578, 0.2598,  ..., 0.2559, 0.2637, 0.2715],
       dtype=torch.bfloat16)), ('layers.4.self_attention.query_key_value.weight', tensor([[-0.0175,  0.0043, -0.0018,  ..., -0.0046, -0.0042,  0.0097],
        [ 0.0228, -0.0130, -0.0091,  ...,  0.0087, -0.0255, -0.0029],
        [-0.0036, -0.0282,  0.0140,  ...,  0.0010, -0.0124, -0.0303],
        ...,
        [-0.0018, -0.0092, -0.0210,  ..., -0.0132, -0.0072,  0.0025],
        [-0.0035, -0.0063, -0.0007,  ...,  0.0020, -0.0052,  0.0082],
        [-0.0028, -0.0193, -0.0017,  ...,  0.0073, -0.0029,  0.0151]],
       dtype=torch.bfloat16)), ('layers.4.self_attention.dense.weight', tensor([[ 0.0347,  0.0101, -0.0020,  ...,  0.0009, -0.0251, -0.0040],
        [ 0.0042,  0.0002, -0.0060,  ...,  0.0044, -0.0205,  0.0036],
        [-0.0014,  0.0054, -0.0100,  ..., -0.0110,  0.0079, -0.0037],
        ...,
        [-0.0102,  0.0309, -0.0164,  ..., -0.0247,  0.0039, -0.0146],
        [-0.0014, -0.0048, -0.0145,  ..., -0.0067, -0.0010, -0.0072],
        [ 0.0117,  0.0223, -0.0071,  ..., -0.0031,  0.0137, -0.0002]],
       dtype=torch.bfloat16)), ('layers.4.post_attention_layernorm.weight', tensor([0.1885, 0.1865, 0.1816,  ..., 0.1885, 0.1865, 0.1855],
       dtype=torch.bfloat16)), ('layers.4.mlp.dense_h_to_4h.weight', tensor([[-2.7008e-03,  8.6670e-03, -1.1414e-02,  ..., -1.6113e-02,
         -4.9591e-05, -1.4404e-02],
        [-2.4658e-02,  1.2756e-02,  1.1108e-02,  ...,  5.0964e-03,
          1.3245e-02, -6.2561e-03],
        [-8.2397e-03, -2.1362e-02, -3.7231e-03,  ...,  2.0447e-03,
         -3.4180e-03,  2.6245e-02],
        ...,
        [-6.8054e-03, -3.1494e-02, -1.6357e-02,  ...,  7.7209e-03,
         -8.3618e-03,  4.9072e-02],
        [ 1.0193e-02, -7.3853e-03, -1.5381e-02,  ..., -4.1992e-02,
         -8.6060e-03,  1.2085e-02],
        [ 9.1934e-04,  2.2095e-02,  3.7537e-03,  ...,  8.9264e-04,
         -6.9046e-04, -3.2349e-03]], dtype=torch.bfloat16)), ('layers.4.mlp.dense_4h_to_h.weight', tensor([[ 0.0236, -0.0025,  0.0258,  ..., -0.0193,  0.0047,  0.0315],
        [-0.0064, -0.0447,  0.0403,  ..., -0.0238, -0.0203, -0.0052],
        [ 0.0004, -0.0170,  0.0231,  ...,  0.0081, -0.0015,  0.0190],
        ...,
        [-0.0272, -0.0037, -0.0170,  ...,  0.0216,  0.0015,  0.0142],
        [-0.0160,  0.0087, -0.0271,  ...,  0.0143, -0.0344, -0.0056],
        [ 0.0182, -0.0288, -0.0154,  ..., -0.0031, -0.0459, -0.0265]],
       dtype=torch.bfloat16)), ('layers.5.input_layernorm.weight', tensor([0.2637, 0.2637, 0.2598,  ..., 0.2520, 0.2676, 0.2695],
       dtype=torch.bfloat16)), ('layers.5.self_attention.query_key_value.weight', tensor([[-0.0064, -0.0049, -0.0157,  ..., -0.0112, -0.0225,  0.0143],
        [-0.0242,  0.0145,  0.0396,  ..., -0.0109, -0.0162, -0.0334],
        [ 0.0096,  0.0082, -0.0107,  ...,  0.0253, -0.0095,  0.0084],
        ...,
        [ 0.0242,  0.0125,  0.0062,  ...,  0.0361, -0.0084, -0.0013],
        [-0.0036,  0.0007, -0.0051,  ...,  0.0004, -0.0010, -0.0022],
        [-0.0074, -0.0089,  0.0208,  ..., -0.0071, -0.0042, -0.0205]],
       dtype=torch.bfloat16)), ('layers.5.self_attention.dense.weight', tensor([[-0.0131, -0.0063,  0.0041,  ..., -0.0148, -0.0109,  0.0242],
        [ 0.0021,  0.0017, -0.0126,  ..., -0.0176,  0.0020, -0.0009],
        [-0.0085, -0.0069,  0.0143,  ...,  0.0074,  0.0041,  0.0223],
        ...,
        [ 0.0181,  0.0055, -0.0045,  ...,  0.0182,  0.0337, -0.0223],
        [ 0.0054, -0.0043, -0.0028,  ..., -0.0152, -0.0082, -0.0035],
        [ 0.0057,  0.0027, -0.0122,  ...,  0.0074, -0.0084, -0.0194]],
       dtype=torch.bfloat16)), ('layers.5.post_attention_layernorm.weight', tensor([0.2041, 0.1934, 0.1895,  ..., 0.2051, 0.1992, 0.2031],
       dtype=torch.bfloat16)), ('layers.5.mlp.dense_h_to_4h.weight', tensor([[ 0.0012,  0.0001, -0.0303,  ..., -0.0001, -0.0052, -0.0161],
        [ 0.0208, -0.0153, -0.0114,  ...,  0.0286, -0.0005, -0.0021],
        [ 0.0112,  0.0058, -0.0152,  ...,  0.0208,  0.0177, -0.0315],
        ...,
        [ 0.0028,  0.0255, -0.0076,  ..., -0.0135,  0.0076,  0.0292],
        [ 0.0461, -0.0244, -0.0238,  ..., -0.0048, -0.0161,  0.0237],
        [ 0.0093,  0.0222,  0.0064,  ..., -0.0095, -0.0035, -0.0212]],
       dtype=torch.bfloat16)), ('layers.5.mlp.dense_4h_to_h.weight', tensor([[-0.0054, -0.0287, -0.0033,  ..., -0.0029,  0.0070,  0.0140],
        [-0.0157,  0.0089,  0.0226,  ...,  0.0222, -0.0048, -0.0306],
        [ 0.0178,  0.0231,  0.0119,  ..., -0.0297, -0.0452,  0.0074],
        ...,
        [ 0.0085, -0.0240, -0.0017,  ..., -0.0017, -0.0248, -0.0203],
        [-0.0083, -0.0364,  0.0156,  ...,  0.0148,  0.0089, -0.0510],
        [ 0.0164,  0.0103, -0.0164,  ...,  0.0322,  0.0084, -0.0142]],
       dtype=torch.bfloat16)), ('layers.6.input_layernorm.weight', tensor([0.3184, 0.3555, 0.3281,  ..., 0.3164, 0.3359, 0.3203],
       dtype=torch.bfloat16)), ('layers.6.self_attention.query_key_value.weight', tensor([[-0.0056, -0.0052,  0.0052,  ..., -0.0325, -0.0021, -0.0036],
        [-0.0006, -0.0167,  0.0096,  ...,  0.0125, -0.0027, -0.0289],
        [-0.0164,  0.0204, -0.0337,  ...,  0.0258, -0.0435, -0.0073],
        ...,
        [-0.0223, -0.0057,  0.0107,  ..., -0.0011, -0.0161,  0.0064],
        [-0.0212, -0.0094,  0.0042,  ..., -0.0039, -0.0003,  0.0222],
        [ 0.0349,  0.0065,  0.0184,  ..., -0.0211,  0.0003, -0.0026]],
       dtype=torch.bfloat16)), ('layers.6.self_attention.dense.weight', tensor([[ 0.0137, -0.0155, -0.0383,  ..., -0.0104,  0.0031,  0.0094],
        [-0.0206,  0.0055,  0.0027,  ..., -0.0184,  0.0037, -0.0037],
        [ 0.0020, -0.0040, -0.0040,  ...,  0.0114,  0.0023,  0.0099],
        ...,
        [-0.0014, -0.0146, -0.0128,  ...,  0.0075, -0.0064,  0.0211],
        [-0.0223,  0.0081,  0.0019,  ..., -0.0004,  0.0051, -0.0251],
        [-0.0187, -0.0166,  0.0064,  ..., -0.0165,  0.0072,  0.0102]],
       dtype=torch.bfloat16)), ('layers.6.post_attention_layernorm.weight', tensor([0.2168, 0.2061, 0.2041,  ..., 0.2178, 0.2109, 0.2129],
       dtype=torch.bfloat16)), ('layers.6.mlp.dense_h_to_4h.weight', tensor([[ 0.0212,  0.0251, -0.0146,  ..., -0.0063, -0.0095, -0.0081],
        [ 0.0339, -0.0050, -0.0137,  ...,  0.0068,  0.0205,  0.0075],
        [-0.0203,  0.0225, -0.0142,  ..., -0.0222, -0.0017,  0.0094],
        ...,
        [-0.0266,  0.0028,  0.0198,  ...,  0.0175,  0.0015,  0.0422],
        [ 0.0232,  0.0153, -0.0012,  ..., -0.0280,  0.0165, -0.0049],
        [-0.0201,  0.0227, -0.0227,  ...,  0.0065, -0.0155, -0.0461]],
       dtype=torch.bfloat16)), ('layers.6.mlp.dense_4h_to_h.weight', tensor([[-0.0089,  0.0181, -0.0028,  ..., -0.0009,  0.0136,  0.0165],
        [-0.0151, -0.0150,  0.0087,  ..., -0.0024, -0.0281, -0.0115],
        [-0.0015,  0.0168, -0.0127,  ...,  0.0260,  0.0249,  0.0147],
        ...,
        [ 0.0062, -0.0043,  0.0245,  ...,  0.0311, -0.0299, -0.0044],
        [ 0.0204, -0.0045,  0.0090,  ...,  0.0107, -0.0145, -0.0107],
        [ 0.0164, -0.0176, -0.0048,  ...,  0.0327, -0.0070,  0.0056]],
       dtype=torch.bfloat16)), ('layers.7.input_layernorm.weight', tensor([0.3223, 0.3652, 0.3379,  ..., 0.3242, 0.3574, 0.3301],
       dtype=torch.bfloat16)), ('layers.7.self_attention.query_key_value.weight', tensor([[ 0.0067,  0.0024,  0.0034,  ...,  0.0037, -0.0165, -0.0003],
        [-0.0051,  0.0064,  0.0024,  ...,  0.0157, -0.0104, -0.0124],
        [ 0.0010,  0.0079, -0.0195,  ..., -0.0183, -0.0013,  0.0090],
        ...,
        [-0.0013, -0.0383,  0.0033,  ...,  0.0045, -0.0048, -0.0094],
        [-0.0327,  0.0166, -0.0270,  ..., -0.0129,  0.0135, -0.0001],
        [-0.0099, -0.0012, -0.0067,  ...,  0.0244,  0.0080,  0.0130]],
       dtype=torch.bfloat16)), ('layers.7.self_attention.dense.weight', tensor([[ 1.4709e-02, -1.5991e-02, -4.8523e-03,  ...,  7.2937e-03,
         -2.5269e-02,  1.7929e-03],
        [-1.8539e-03,  2.4292e-02,  1.0925e-02,  ..., -4.2480e-02,
         -1.2329e-02, -7.0801e-03],
        [ 5.2490e-03,  5.0964e-03, -2.0508e-02,  ..., -1.0254e-02,
         -1.1108e-02, -8.3008e-03],
        ...,
        [-1.7212e-02, -2.7466e-02, -6.4392e-03,  ...,  2.3193e-02,
         -2.0264e-02,  2.9087e-05],
        [-1.9897e-02,  8.0566e-03,  1.1780e-02,  ...,  7.8735e-03,
         -1.2939e-02,  1.4343e-02],
        [-2.0123e-04,  4.0894e-03,  1.4572e-03,  ...,  8.3008e-03,
         -1.4282e-02,  6.1035e-03]], dtype=torch.bfloat16)), ('layers.7.post_attention_layernorm.weight', tensor([0.2314, 0.2158, 0.2178,  ..., 0.2256, 0.2246, 0.2236],
       dtype=torch.bfloat16)), ('layers.7.mlp.dense_h_to_4h.weight', tensor([[ 0.0052, -0.0013, -0.0153,  ..., -0.0051, -0.0312, -0.0066],
        [-0.0295,  0.0179, -0.0076,  ..., -0.0014, -0.0100, -0.0063],
        [ 0.0170, -0.0302, -0.0076,  ...,  0.0304, -0.0197,  0.0062],
        ...,
        [ 0.0019,  0.0003, -0.0181,  ..., -0.0042, -0.0228,  0.0031],
        [ 0.0012,  0.0079,  0.0170,  ..., -0.0126,  0.0187, -0.0011],
        [-0.0240, -0.0160,  0.0064,  ...,  0.0177,  0.0109,  0.0049]],
       dtype=torch.bfloat16)), ('layers.7.mlp.dense_4h_to_h.weight', tensor([[-0.0086, -0.0120,  0.0007,  ..., -0.0135, -0.0084, -0.0206],
        [-0.0030, -0.0062,  0.0190,  ..., -0.0045,  0.0052,  0.0013],
        [ 0.0119,  0.0136,  0.0327,  ..., -0.0166, -0.0093, -0.0141],
        ...,
        [-0.0056, -0.0020, -0.0212,  ...,  0.0175,  0.0014, -0.0270],
        [ 0.0430, -0.0111,  0.0037,  ..., -0.0188,  0.0005, -0.0130],
        [ 0.0157,  0.0188, -0.0334,  ...,  0.0039, -0.0243, -0.0003]],
       dtype=torch.bfloat16))])}}